NO

NO

NO

NO

NO

NO

NO

NO

NO

NO

NO

NO

NO

NO

NO

NO

NO

NO

NO

NO

NO

NO

NO

NO

NO

NO

NO

NO

NO

NO

NO

YES BLUE

NO

NO

NO

NO

NO

NO

NO

NO

NO

NO

NO

NO

NO

NO

NO

NO

NO

NO

NO

NO

NO

NO

NO

YES BLUE

NO

NO

NO

NO

NO

NO

NO

NO

NO

NO

NO

NO

NO

NO

NO

NO

NO

NO

NO

NO

NO

NO

NO

NO

NO

NO

NO

NO

NO

NO

NO

NO

NO

NO

NO

NO

NO

NO

NO

NO

NO

NO

NO

NO

NO

NO

NO

NO

NO

NO

NO

NO

NO

NO

NO

NO

NO

NO

NO

NO

NO

NO

NO

NO

NO

NO

NO

NO

NO

NO

NO

NO

NO

NO

NO

NO

NO

NO

NO

NO

NO

NO

NO

NO

NO

YES BLUE

NO

NO

NO

NO

NO

NO

NO

NO

NO

NO

NO

NO

NO

NO

NO

NO

NO

NO

NO

NO

NO

NO

NO

NO

NO

NO

NO

NO

NO

NO

NO

NO

NO

NO

NO

NO

NO

NO

NO

NO

NO

NO

NO

NO

NO

NO

NO

NO

NO

NO

NO

NO

NO

NO

NO

NO

NO

NO

NO

NO

NO

NO

NO

NO

NO

YES BLUE

NO

NO

NO

NO

NO

NO

NO

NO

NO

NO

NO

NO

NO

NO

NO

NO

NO

NO

NO

NO

NO

NO

NO

NO

NO

NO

NO

NO

NO

NO

NO

NO

NO

NO

NO

NO

NO

NO

NO

NO

NO

NO

NO

NO

NO

NO

NO

NO

NO

NO

NO

NO

NO

NO

NO

NO

NO

NO

NO

NO

NO

NO

NO

NO

NO

NO

NO

NO

NO

NO

NO

NO

NO

NO

NO

NO

NO

YES RED

NO

NO

NO

NO

NO

NO

NO

NO

NO

NO

NO

NO

NO

NO

NO

NO

NO

NO

NO

NO

NO

NO

NO

NO

NO

NO

NO

NO

NO

NO

NO

NO

NO

NO

NO

NO

NO

NO

NO

NO

NO

NO

NO

NO

NO

NO

NO

NO

NO

NO

NO

NO

NO

NO

NO

NO

NO

NO

NO

NO

NO

NO

NO

NO

NO

NO

NO

NO

NO

NO

NO

NO

NO

NO

NO

NO

NO

NO

NO

NO

NO

NO

NO

NO

NO

NO

NO

NO

NO

NO

NO

NO

NO

NO

NO

NO

NO

NO

NO

NO

NO

NO

NO

NO

NO

NO

NO

NO

NO

NO

NO

NO

NO

NO

NO

NO

NO

NO

NO

NO

NO

NO

NO

NO

NO

NO

NO

NO

NO

NO

NO

NO

NO

NO

NO

NO

NO

NO

NO

NO

NO

NO

NO

NO

NO

NO

NO

NO

NO

NO

NO

NO

NO

NO

NO

NO

NO

NO

NO

NO

NO

NO

NO

NO

NO

NO

NO

NO

NO

NO

NO

NO

NO

NO

NO

NO

NO

NO

NO

NO

NO

NO

NO

NO

NO

NO

NO

NO

NO

NO

NO

NO

NO

NO

NO

NO

NO

NO

NO

NO

NO

NO

NO

NO

NO

NO

NO

NO

NO

NO

NO

NO

NO

NO

NO

NO

NO

NO

NO

NO

NO

NO

NO

NO

NO

NO

NO

NO

NO

NO

NO

YES RED

YES RED

YES BLUE

YES BLUE

YES BLUE

YES BLUE

YES RED

YES RED

YES BLUE

YES RED

YES RED

YES RED

YES RED

YES RED

YES RED

YES RED

YES RED

YES RED

YES BLUE

YES BLUE

YES BLUE

YES RED

YES RED

YES BLUE

YES RED

YES RED

YES RED

YES BLUE

YES BLUE

YES BLUE

YES RED

YES BLUE

YES BLUE

YES RED

YES BLUE

YES BLUE

YES RED

YES BLUE

YES RED

YES BLUE

YES RED

YES RED

YES BLUE

YES RED

YES BLUE

YES BLUE

YES RED

YES RED

YES RED

YES BLUE

YES BLUE

YES RED

YES RED

YES BLUE

YES RED

YES BLUE

YES RED

YES BLUE

YES BLUE

YES BLUE

YES RED

YES BLUE

YES RED

YES BLUE

YES BLUE

YES BLUE

YES RED

YES BLUE

YES BLUE

YES BLUE

YES RED

YES RED

YES BLUE

YES BLUE

YES BLUE

YES RED

YES BLUE

YES RED

YES BLUE

YES BLUE

YES RED

YES BLUE

YES RED

YES BLUE

YES BLUE

YES BLUE

YES BLUE

YES BLUE

YES RED

YES BLUE

YES BLUE

YES BLUE

YES BLUE

YES BLUE

YES BLUE

YES RED

YES RED

YES RED

YES RED

YES BLUE

YES BLUE

YES RED

YES BLUE

YES BLUE

YES BLUE

YES RED

YES BLUE

YES BLUE

YES RED

YES BLUE

YES RED

YES RED

YES BLUE

YES BLUE

YES RED

YES BLUE

YES RED

YES BLUE

YES RED

YES BLUE

YES RED

YES BLUE

YES BLUE

YES BLUE

YES BLUE

YES BLUE

YES BLUE

YES RED

YES RED

YES RED

YES RED

YES BLUE

YES RED

YES RED

YES RED

YES BLUE

YES RED

YES BLUE

YES RED

YES BLUE

YES BLUE

YES RED

YES BLUE

YES BLUE

YES BLUE

YES RED

YES RED

YES RED

YES RED

YES BLUE

YES RED

YES BLUE

YES RED

YES RED

YES BLUE

YES RED

YES BLUE

YES BLUE

YES BLUE

YES BLUE

YES BLUE

YES RED

YES RED

YES BLUE

YES RED

YES RED

YES BLUE

YES RED

YES BLUE

YES BLUE

YES RED

YES BLUE

YES RED

YES RED

YES BLUE

YES RED

YES BLUE

YES RED

YES RED

YES RED

YES RED

YES BLUE

YES BLUE

YES BLUE

YES RED

YES BLUE

YES RED

YES BLUE

YES RED

YES RED

YES RED

YES RED

YES RED

YES BLUE

YES RED

YES RED

YES BLUE

YES BLUE

YES BLUE

YES RED

YES BLUE

YES RED

YES RED

YES BLUE

YES RED

YES RED

YES BLUE

YES BLUE

YES BLUE

YES RED

YES RED

YES BLUE

YES RED

YES RED

YES RED

YES RED

YES RED

YES RED

YES RED

YES RED

YES RED

YES RED

YES RED

YES RED

YES RED

YES RED

YES RED

YES RED

YES RED

YES BLUE

YES BLUE

YES RED

YES RED

YES BLUE

YES BLUE

YES BLUE

YES RED

YES RED

YES RED

YES RED

YES BLUE

YES BLUE

YES RED

YES BLUE

YES BLUE

YES RED

YES BLUE

YES BLUE

YES RED

YES BLUE

YES BLUE

YES RED

YES RED

YES RED

YES RED

YES RED

YES BLUE

YES BLUE

YES BLUE

YES RED

YES BLUE

YES BLUE

YES BLUE

YES RED

YES BLUE

YES RED

YES RED

YES RED

YES RED

YES BLUE

YES RED

YES RED

YES RED

YES BLUE

YES BLUE

YES RED

YES BLUE

YES BLUE

YES RED

YES BLUE

YES RED

YES BLUE

YES RED

YES RED

YES BLUE

YES BLUE

YES RED

YES BLUE

YES BLUE

YES BLUE

YES BLUE

YES RED

YES BLUE

YES RED

YES BLUE

YES BLUE

YES RED

YES BLUE

YES RED

YES RED

YES RED

YES RED

YES BLUE

YES RED

YES RED

YES RED

YES BLUE

YES BLUE

YES RED

YES BLUE

YES BLUE

YES BLUE

YES BLUE

YES BLUE

YES BLUE

YES BLUE

YES BLUE

YES RED

YES BLUE

YES BLUE

YES BLUE

YES RED

YES RED

YES BLUE

YES RED

YES RED

YES BLUE

YES RED

YES RED

YES RED

YES RED

YES BLUE

YES RED

YES BLUE

YES RED

YES BLUE

YES RED

YES BLUE

YES RED

YES RED

YES BLUE

YES BLUE

YES RED

YES BLUE

YES RED

YES RED

YES BLUE

YES RED

YES BLUE

YES RED

YES BLUE

YES RED

YES RED

YES BLUE

YES BLUE

YES BLUE

YES RED

YES BLUE

YES BLUE

YES BLUE

YES BLUE

YES BLUE

YES BLUE

YES BLUE

YES RED

YES BLUE

YES BLUE

YES BLUE

YES BLUE

YES BLUE

YES RED

YES RED

YES BLUE

YES BLUE

YES RED

YES BLUE

YES BLUE

YES BLUE

YES BLUE

YES BLUE

YES RED

YES RED

YES RED

YES RED

YES RED

YES BLUE

YES RED

YES RED

YES BLUE

YES BLUE

YES BLUE

YES RED

YES BLUE

YES RED

YES BLUE

YES RED

YES RED

YES BLUE

YES BLUE

YES RED

YES BLUE

YES BLUE

YES BLUE

YES RED

YES RED

YES RED

YES RED

YES RED

YES RED

YES BLUE

YES RED

YES RED

YES BLUE

YES RED

YES RED

YES RED

YES RED

YES RED

YES RED

YES BLUE

YES RED

YES RED

YES RED

YES BLUE

YES RED

YES BLUE

YES RED

YES BLUE

YES BLUE

YES RED

YES BLUE

YES BLUE

YES BLUE

YES RED

YES BLUE

YES RED

YES RED

YES RED

YES RED

YES RED

YES RED

YES BLUE

YES RED

YES RED

YES BLUE

YES RED

YES RED

YES BLUE

YES BLUE

YES RED

YES RED

YES RED

YES RED

YES RED

YES RED

YES RED

YES BLUE

YES BLUE

YES RED

YES BLUE

YES RED

YES RED

YES RED

YES RED

YES BLUE

YES BLUE

YES RED

YES BLUE

YES BLUE

YES RED

YES RED

YES BLUE

YES RED

YES BLUE

YES RED

YES RED

YES RED

YES BLUE

YES RED

YES RED

YES RED

YES RED

YES RED

YES BLUE

YES RED

YES RED

YES BLUE

YES RED

YES RED

YES RED

YES RED

YES RED

YES RED

YES RED

YES RED

YES BLUE

YES BLUE

YES BLUE

YES RED

YES RED

YES BLUE

YES BLUE

YES RED

YES RED

YES BLUE

YES RED

YES BLUE

YES BLUE

YES BLUE

YES BLUE

YES BLUE

YES RED

YES BLUE

YES RED

YES BLUE

YES RED

YES BLUE


