6 5 5 5 4 4 4 3 3 3 3 3 3 3 2 2 2 0 
2
T
?
?
?
?
?
?
123
9 8 8 7 7 7 6 6 6 6 6 6 6 5 5 5 5 4 4 4 
1
T
?
?
?
?
?
?
130
11 10 9 9 9 9 8 8 8 8 7 6 6 6 6 5 5 5 5 5 5 5 5 5 5 4 4 4 4 3 3 3 2 2 1 
1
T
?
?
?
?
?
?
495
15 13 13 13 13 13 12 12 12 12 11 11 11 11 11 11 11 11 10 10 10 10 9 9 9 9 9 9 9 9 9 9 8 8 7 7 7 7 5 5 
1
T
?
?
?
?
?
?
580
