1

0

YES

NO

YES

YES
NO
NO
NO

YES
NO
NO
NO

2

0

YES

NO

YES

NO
NO
YES
YES

NO
NO
YES
NO

2

1

YES

NO

YES

YES
NO
NO
YES

YES
NO
NO
NO

2

2

YES

NO

YES

NO
YES
NO
NO

NO
YES
NO
NO

2

3

YES

NO

YES

NO
YES
NO
NO

NO
YES
NO
NO

3

5

YES

NO

YES

YES
YES
YES
YES

NO
YES
NO
NO

3

5

YES

NO

YES

YES
NO
YES
YES

YES
NO
NO
NO

3

6

YES

NO

YES

YES
NO
NO
NO

YES
NO
NO
NO

4

16

YES

YES RED

NO

NO
NO
NO
NO

NO
NO
NO
NO

11

18

YES

NO

YES

NO
NO
YES
YES

NO
NO
YES
NO